---------------------------------------
Domain :
         P - S  >= 0
         S  >= 0
         R - S  >= 0
         Q - S  >= 0
          1 >= 0

Vertices :
[ S,  S,  S,  S ]
[ 0,  S,  S,  S ]
[ 0,  0,  S,  S ]
[ 0,  0,  0,  S ]
[ 0,  0,  0,  0 ]
---------------------------------------
Domain :
         P - R  >= 0
         R  >= 0
         - R + S  >= 0
         Q - R  >= 0
          1 >= 0

Vertices :
[ R,  R,  R,  S ]
[ R,  R,  R,  R ]
[ 0,  R,  R,  S ]
[ 0,  R,  R,  R ]
[ 0,  0,  R,  S ]
[ 0,  0,  R,  R ]
[ 0,  0,  0,  S ]
[ 0,  0,  0,  0 ]
---------------------------------------
Domain :
         P - Q  >= 0
         Q  >= 0
         - Q + S  >= 0
         R - S  >= 0
          1 >= 0

Vertices :
[ Q,  Q,  S,  S ]
[ Q,  Q,  Q,  S ]
[ Q,  Q,  Q,  Q ]
[ 0,  Q,  S,  S ]
[ 0,  Q,  Q,  S ]
[ 0,  Q,  Q,  Q ]
[ 0,  0,  S,  S ]
[ 0,  0,  0,  S ]
[ 0,  0,  0,  0 ]
---------------------------------------
Domain :
         P - Q  >= 0
         Q  >= 0
         - R + S  >= 0
         - Q + R  >= 0
          1 >= 0

Vertices :
[ Q,  Q,  R,  S ]
[ Q,  Q,  R,  R ]
[ Q,  Q,  Q,  S ]
[ Q,  Q,  Q,  Q ]
[ 0,  Q,  R,  S ]
[ 0,  Q,  R,  R ]
[ 0,  Q,  Q,  S ]
[ 0,  Q,  Q,  Q ]
[ 0,  0,  R,  S ]
[ 0,  0,  R,  R ]
[ 0,  0,  0,  S ]
[ 0,  0,  0,  0 ]
---------------------------------------
Domain :
         Q - S  >= 0
         - P + S  >= 0
         P  >= 0
         R - S  >= 0
          1 >= 0

Vertices :
[ P,  S,  S,  S ]
[ P,  P,  S,  S ]
[ P,  P,  P,  S ]
[ P,  P,  P,  P ]
[ 0,  S,  S,  S ]
[ 0,  0,  S,  S ]
[ 0,  0,  0,  S ]
[ 0,  0,  0,  0 ]
---------------------------------------
Domain :
         Q - R  >= 0
         - P + R  >= 0
         P  >= 0
         - R + S  >= 0
          1 >= 0

Vertices :
[ P,  R,  R,  S ]
[ P,  R,  R,  R ]
[ P,  P,  R,  S ]
[ P,  P,  R,  R ]
[ P,  P,  P,  S ]
[ P,  P,  P,  P ]
[ 0,  R,  R,  S ]
[ 0,  R,  R,  R ]
[ 0,  0,  R,  S ]
[ 0,  0,  R,  R ]
[ 0,  0,  0,  S ]
[ 0,  0,  0,  0 ]
---------------------------------------
Domain :
         R - S  >= 0
         - P + Q  >= 0
         P  >= 0
         - Q + S  >= 0
          1 >= 0

Vertices :
[ P,  Q,  S,  S ]
[ P,  Q,  Q,  S ]
[ P,  Q,  Q,  Q ]
[ P,  P,  S,  S ]
[ P,  P,  P,  S ]
[ P,  P,  P,  P ]
[ 0,  Q,  S,  S ]
[ 0,  Q,  Q,  S ]
[ 0,  Q,  Q,  Q ]
[ 0,  0,  S,  S ]
[ 0,  0,  0,  S ]
[ 0,  0,  0,  0 ]
---------------------------------------
Domain :
         - Q + R  >= 0
         - P + Q  >= 0
         P  >= 0
         - R + S  >= 0
          1 >= 0

Vertices :
[ P,  Q,  R,  S ]
[ P,  Q,  R,  R ]
[ P,  Q,  Q,  S ]
[ P,  Q,  Q,  Q ]
[ P,  P,  R,  S ]
[ P,  P,  R,  R ]
[ P,  P,  P,  S ]
[ P,  P,  P,  P ]
[ 0,  Q,  R,  S ]
[ 0,  Q,  R,  R ]
[ 0,  Q,  Q,  S ]
[ 0,  Q,  Q,  Q ]
[ 0,  0,  R,  S ]
[ 0,  0,  R,  R ]
[ 0,  0,  0,  S ]
[ 0,  0,  0,  0 ]
