---------------------------------------
Domain:
         -4P + 3Q  >= 0
         3P -2Q  >= 0
          1 >= 0

Vertices:
[ -4P+3Q,  3P-2Q,  0 ]
[ -P/4+Q/2,  0,  3P/8-Q/4 ]

Ehrhart Polynomial:
( 3/8 * P + [ ( -1/4 * Q + [ 1, 1/4, 1/2, 3/4 ]_Q )
, ( -1/4 * Q + [ 5/8, 7/8, 1/8, 3/8 ]_Q )
, ( -1/4 * Q + [ 1/4, 1/2, 3/4, 1 ]_Q )
, ( -1/4 * Q + [ 7/8, 1/8, 3/8, 5/8 ]_Q )
, ( -1/4 * Q + [ 1/2, 3/4, 1, 1/4 ]_Q )
, ( -1/4 * Q + [ 1/8, 3/8, 5/8, 7/8 ]_Q )
, ( -1/4 * Q + [ 3/4, 1, 1/4, 1/2 ]_Q )
, ( -1/4 * Q + [ 3/8, 5/8, 7/8, 1/8 ]_Q )
 ]_P )

---------------------------------------
Domain:
         4P -3Q  >= 0
         - P + 2Q  >= 0
          1 >= 0

Vertices:
[ -P/4+Q/2,  0,  3P/8-Q/4 ]
[ 0,  -P/5+2Q/5,  2P/5-3Q/10 ]

Ehrhart Polynomial:
( -1/40 * P + [ ( 1/20 * Q + [ 1, -1/20, -1/10, -3/20, 4/5, -1/4, -3/10, 13/20, 3/5, -9/20, 1/2, 9/20, 2/5, -13/20, 3/10, 1/4, 1/5, 3/20, 1/10, 1/20 ]_Q )
, ( 1/20 * Q + [ 1/40, -1/40, -3/40, -1/8, -7/40, 31/40, -11/40, -13/40, 5/8, 23/40, -19/40, -21/40, 17/40, 3/8, -27/40, 11/40, 9/40, 7/40, 1/8, 3/40 ]_Q )
, ( 1/20 * Q + [ 1/20, 0, -1/20, 9/10, -3/20, -1/5, 3/4, 7/10, -7/20, -2/5, 11/20, 1/2, -11/20, 2/5, 7/20, 3/10, 1/4, 1/5, 3/20, 1/10 ]_Q )
, ( 1/20 * Q + [ 3/40, 1/40, -1/40, -3/40, 7/8, -7/40, -9/40, -11/40, 27/40, -3/8, -17/40, 21/40, 19/40, -23/40, 3/8, 13/40, 11/40, -31/40, 7/40, 1/8 ]_Q )
, ( 1/20 * Q + [ 1/10, 1/20, 1, -1/20, -1/10, -3/20, 4/5, -1/4, -3/10, 13/20, 3/5, -9/20, 1/2, 9/20, 2/5, -13/20, 3/10, 1/4, 1/5, 3/20 ]_Q )
, ( 1/20 * Q + [ 1/8, 3/40, 1/40, -1/40, -3/40, -1/8, -7/40, 31/40, -11/40, -13/40, 5/8, 23/40, -19/40, -21/40, 17/40, 3/8, -27/40, 11/40, 9/40, 7/40 ]_Q )
, ( 1/20 * Q + [ 3/20, 1/10, 1/20, 0, -1/20, 9/10, -3/20, -1/5, 3/4, 7/10, -7/20, -2/5, 11/20, 1/2, -11/20, 2/5, 7/20, 3/10, 1/4, 1/5 ]_Q )
, ( 1/20 * Q + [ 7/40, 1/8, 3/40, 1/40, -1/40, -3/40, 7/8, -7/40, -9/40, -11/40, 27/40, -3/8, -17/40, 21/40, 19/40, -23/40, 3/8, 13/40, 11/40, -31/40 ]_Q )
, ( 1/20 * Q + [ 1/5, 3/20, 1/10, 1/20, 1, -1/20, -1/10, -3/20, 4/5, -1/4, -3/10, 13/20, 3/5, -9/20, 1/2, 9/20, 2/5, -13/20, 3/10, 1/4 ]_Q )
, ( 1/20 * Q + [ 9/40, 7/40, 1/8, 3/40, 1/40, -1/40, -3/40, -1/8, -7/40, 31/40, -11/40, -13/40, 5/8, 23/40, -19/40, -21/40, 17/40, 3/8, -27/40, 11/40 ]_Q )
, ( 1/20 * Q + [ 1/4, 1/5, 3/20, 1/10, 1/20, 0, -1/20, 9/10, -3/20, -1/5, 3/4, 7/10, -7/20, -2/5, 11/20, 1/2, -11/20, 2/5, 7/20, 3/10 ]_Q )
, ( 1/20 * Q + [ 11/40, -31/40, 7/40, 1/8, 3/40, 1/40, -1/40, -3/40, 7/8, -7/40, -9/40, -11/40, 27/40, -3/8, -17/40, 21/40, 19/40, -23/40, 3/8, 13/40 ]_Q )
, ( 1/20 * Q + [ 3/10, 1/4, 1/5, 3/20, 1/10, 1/20, 1, -1/20, -1/10, -3/20, 4/5, -1/4, -3/10, 13/20, 3/5, -9/20, 1/2, 9/20, 2/5, -13/20 ]_Q )
, ( 1/20 * Q + [ -27/40, 11/40, 9/40, 7/40, 1/8, 3/40, 1/40, -1/40, -3/40, -1/8, -7/40, 31/40, -11/40, -13/40, 5/8, 23/40, -19/40, -21/40, 17/40, 3/8 ]_Q )
, ( 1/20 * Q + [ 7/20, 3/10, 1/4, 1/5, 3/20, 1/10, 1/20, 0, -1/20, 9/10, -3/20, -1/5, 3/4, 7/10, -7/20, -2/5, 11/20, 1/2, -11/20, 2/5 ]_Q )
, ( 1/20 * Q + [ 3/8, 13/40, 11/40, -31/40, 7/40, 1/8, 3/40, 1/40, -1/40, -3/40, 7/8, -7/40, -9/40, -11/40, 27/40, -3/8, -17/40, 21/40, 19/40, -23/40 ]_Q )
, ( 1/20 * Q + [ 2/5, -13/20, 3/10, 1/4, 1/5, 3/20, 1/10, 1/20, 1, -1/20, -1/10, -3/20, 4/5, -1/4, -3/10, 13/20, 3/5, -9/20, 1/2, 9/20 ]_Q )
, ( 1/20 * Q + [ 17/40, 3/8, -27/40, 11/40, 9/40, 7/40, 1/8, 3/40, 1/40, -1/40, -3/40, -1/8, -7/40, 31/40, -11/40, -13/40, 5/8, 23/40, -19/40, -21/40 ]_Q )
, ( 1/20 * Q + [ -11/20, 2/5, 7/20, 3/10, 1/4, 1/5, 3/20, 1/10, 1/20, 0, -1/20, 9/10, -3/20, -1/5, 3/4, 7/10, -7/20, -2/5, 11/20, 1/2 ]_Q )
, ( 1/20 * Q + [ 19/40, -23/40, 3/8, 13/40, 11/40, -31/40, 7/40, 1/8, 3/40, 1/40, -1/40, -3/40, 7/8, -7/40, -9/40, -11/40, 27/40, -3/8, -17/40, 21/40 ]_Q )
, ( 1/20 * Q + [ 1/2, 9/20, 2/5, -13/20, 3/10, 1/4, 1/5, 3/20, 1/10, 1/20, 1, -1/20, -1/10, -3/20, 4/5, -1/4, -3/10, 13/20, 3/5, -9/20 ]_Q )
, ( 1/20 * Q + [ -19/40, -21/40, 17/40, 3/8, -27/40, 11/40, 9/40, 7/40, 1/8, 3/40, 1/40, -1/40, -3/40, -1/8, -7/40, 31/40, -11/40, -13/40, 5/8, 23/40 ]_Q )
, ( 1/20 * Q + [ 11/20, 1/2, -11/20, 2/5, 7/20, 3/10, 1/4, 1/5, 3/20, 1/10, 1/20, 0, -1/20, 9/10, -3/20, -1/5, 3/4, 7/10, -7/20, -2/5 ]_Q )
, ( 1/20 * Q + [ -17/40, 21/40, 19/40, -23/40, 3/8, 13/40, 11/40, -31/40, 7/40, 1/8, 3/40, 1/40, -1/40, -3/40, 7/8, -7/40, -9/40, -11/40, 27/40, -3/8 ]_Q )
, ( 1/20 * Q + [ 3/5, -9/20, 1/2, 9/20, 2/5, -13/20, 3/10, 1/4, 1/5, 3/20, 1/10, 1/20, 1, -1/20, -1/10, -3/20, 4/5, -1/4, -3/10, 13/20 ]_Q )
, ( 1/20 * Q + [ 5/8, 23/40, -19/40, -21/40, 17/40, 3/8, -27/40, 11/40, 9/40, 7/40, 1/8, 3/40, 1/40, -1/40, -3/40, -1/8, -7/40, 31/40, -11/40, -13/40 ]_Q )
, ( 1/20 * Q + [ -7/20, -2/5, 11/20, 1/2, -11/20, 2/5, 7/20, 3/10, 1/4, 1/5, 3/20, 1/10, 1/20, 0, -1/20, 9/10, -3/20, -1/5, 3/4, 7/10 ]_Q )
, ( 1/20 * Q + [ 27/40, -3/8, -17/40, 21/40, 19/40, -23/40, 3/8, 13/40, 11/40, -31/40, 7/40, 1/8, 3/40, 1/40, -1/40, -3/40, 7/8, -7/40, -9/40, -11/40 ]_Q )
, ( 1/20 * Q + [ -3/10, 13/20, 3/5, -9/20, 1/2, 9/20, 2/5, -13/20, 3/10, 1/4, 1/5, 3/20, 1/10, 1/20, 1, -1/20, -1/10, -3/20, 4/5, -1/4 ]_Q )
, ( 1/20 * Q + [ -11/40, -13/40, 5/8, 23/40, -19/40, -21/40, 17/40, 3/8, -27/40, 11/40, 9/40, 7/40, 1/8, 3/40, 1/40, -1/40, -3/40, -1/8, -7/40, 31/40 ]_Q )
, ( 1/20 * Q + [ 3/4, 7/10, -7/20, -2/5, 11/20, 1/2, -11/20, 2/5, 7/20, 3/10, 1/4, 1/5, 3/20, 1/10, 1/20, 0, -1/20, 9/10, -3/20, -1/5 ]_Q )
, ( 1/20 * Q + [ -9/40, -11/40, 27/40, -3/8, -17/40, 21/40, 19/40, -23/40, 3/8, 13/40, 11/40, -31/40, 7/40, 1/8, 3/40, 1/40, -1/40, -3/40, 7/8, -7/40 ]_Q )
, ( 1/20 * Q + [ 4/5, -1/4, -3/10, 13/20, 3/5, -9/20, 1/2, 9/20, 2/5, -13/20, 3/10, 1/4, 1/5, 3/20, 1/10, 1/20, 1, -1/20, -1/10, -3/20 ]_Q )
, ( 1/20 * Q + [ -7/40, 31/40, -11/40, -13/40, 5/8, 23/40, -19/40, -21/40, 17/40, 3/8, -27/40, 11/40, 9/40, 7/40, 1/8, 3/40, 1/40, -1/40, -3/40, -1/8 ]_Q )
, ( 1/20 * Q + [ -3/20, -1/5, 3/4, 7/10, -7/20, -2/5, 11/20, 1/2, -11/20, 2/5, 7/20, 3/10, 1/4, 1/5, 3/20, 1/10, 1/20, 0, -1/20, 9/10 ]_Q )
, ( 1/20 * Q + [ 7/8, -7/40, -9/40, -11/40, 27/40, -3/8, -17/40, 21/40, 19/40, -23/40, 3/8, 13/40, 11/40, -31/40, 7/40, 1/8, 3/40, 1/40, -1/40, -3/40 ]_Q )
, ( 1/20 * Q + [ -1/10, -3/20, 4/5, -1/4, -3/10, 13/20, 3/5, -9/20, 1/2, 9/20, 2/5, -13/20, 3/10, 1/4, 1/5, 3/20, 1/10, 1/20, 1, -1/20 ]_Q )
, ( 1/20 * Q + [ -3/40, -1/8, -7/40, 31/40, -11/40, -13/40, 5/8, 23/40, -19/40, -21/40, 17/40, 3/8, -27/40, 11/40, 9/40, 7/40, 1/8, 3/40, 1/40, -1/40 ]_Q )
, ( 1/20 * Q + [ -1/20, 9/10, -3/20, -1/5, 3/4, 7/10, -7/20, -2/5, 11/20, 1/2, -11/20, 2/5, 7/20, 3/10, 1/4, 1/5, 3/20, 1/10, 1/20, 0 ]_Q )
, ( 1/20 * Q + [ -1/40, -3/40, 7/8, -7/40, -9/40, -11/40, 27/40, -3/8, -17/40, 21/40, 19/40, -23/40, 3/8, 13/40, 11/40, -31/40, 7/40, 1/8, 3/40, 1/40 ]_Q )
 ]_P )

